<?xml version="1.0" encoding="UTF-8"?>
<map:map xmlns:map="http://www.indy.com/v2/map" id="_Roga7oCYEemlY6iTndw9vg" internalVersion="3" tech="platform:/plugin/com.indy.environment/.tech/map/map.tech#_waYSMH8VEd2__Mzb_dB76A?fileId=_waYSMH8VEd2__Mzb_dB76A$type=tech$name=flow?">
  <datastore id="_Roga74CYEemlY6iTndw9vg" alias="TKGEN_HBASE_LINEAGE" dataset="_RohpIICYEemlY6iTndw9vg" ref="../01.metadata/TrdtBvTec.md#_RodXkYCYEemlY6iTndw9vg?fileId=_RocwgICYEemlY6iTndw9vg$type=md$name=TKGEN_HBASE_LINEAGE?" subExpression="[A]">
    <field id="_Roga8ICYEemlY6iTndw9vg" enable="true" insert="true" name="RECORD_COUNT" ref="../01.metadata/TrdtBvTec.md#_RofMzYCYEemlY6iTndw9vg?fileId=_RocwgICYEemlY6iTndw9vg$type=md$name=RECORD_COUNT?" update="true">
      <expression id="_Roga8YCYEemlY6iTndw9vg" setDescriptorRef="_RohCCICYEemlY6iTndw9vg">
        <expression>TFGEN_TEC_LINEAGE.f1/record_count</expression>
      </expression>
    </field>
    <field id="_Roga8oCYEemlY6iTndw9vg" enable="true" insert="true" name="GLOBAL_ENTITY" ref="../01.metadata/TrdtBvTec.md#_Rod-uYCYEemlY6iTndw9vg?fileId=_RocwgICYEemlY6iTndw9vg$type=md$name=GLOBAL_ENTITY?" update="true">
      <expression id="_Roga84CYEemlY6iTndw9vg" setDescriptorRef="_RohCCICYEemlY6iTndw9vg">
        <expression>TFGEN_TEC_LINEAGE.f1/entity</expression>
      </expression>
    </field>
    <field id="_Roga9ICYEemlY6iTndw9vg" enable="true" insert="true" name="ENV" ref="../01.metadata/TrdtBvTec.md#_Rod-qYCYEemlY6iTndw9vg?fileId=_RocwgICYEemlY6iTndw9vg$type=md$name=ENV?" update="true">
      <expression id="_Roga9YCYEemlY6iTndw9vg" setDescriptorRef="_RohCCICYEemlY6iTndw9vg">
        <expression>TFGEN_TEC_LINEAGE.f1/ENV</expression>
      </expression>
    </field>
    <field id="_RohB8ICYEemlY6iTndw9vg" enable="true" insert="true" name="BU" ref="../01.metadata/TrdtBvTec.md#_Rod-sYCYEemlY6iTndw9vg?fileId=_RocwgICYEemlY6iTndw9vg$type=md$name=BU?" update="true">
      <expression id="_RohB8YCYEemlY6iTndw9vg" setDescriptorRef="_RohCCICYEemlY6iTndw9vg">
        <expression>TFGEN_TEC_LINEAGE.f1/buNumber</expression>
      </expression>
    </field>
    <field id="_RohB8oCYEemlY6iTndw9vg" enable="true" insert="true" name="SEQUENCE_NUMBER" ref="../01.metadata/TrdtBvTec.md#_RoelzYCYEemlY6iTndw9vg?fileId=_RocwgICYEemlY6iTndw9vg$type=md$name=SEQUENCE_NUMBER?" update="true">
      <expression id="_RohB84CYEemlY6iTndw9vg" setDescriptorRef="_RohCCICYEemlY6iTndw9vg">
        <expression>TFGEN_TEC_LINEAGE.f1/sequenceNumber</expression>
      </expression>
    </field>
    <field id="_RohB9ICYEemlY6iTndw9vg" enable="true" insert="true" name="FILESIZE" ref="../01.metadata/TrdtBvTec.md#_RoelvYCYEemlY6iTndw9vg?fileId=_RocwgICYEemlY6iTndw9vg$type=md$name=FILESIZE?" update="true">
      <expression id="_RohB9YCYEemlY6iTndw9vg" setDescriptorRef="_RohCCICYEemlY6iTndw9vg">
        <expression>TFGEN_TEC_LINEAGE.f1/fileSize</expression>
      </expression>
    </field>
    <field id="_RohB9oCYEemlY6iTndw9vg" enable="true" insert="true" name="ROWKEY" ref="../01.metadata/TrdtBvTec.md#_Rod-oYCYEemlY6iTndw9vg?fileId=_RocwgICYEemlY6iTndw9vg$type=md$name=ROWKEY?" update="true" updateKey="true">
      <expression id="_RohB94CYEemlY6iTndw9vg" setDescriptorRef="_RohCCICYEemlY6iTndw9vg">
        <expression>TFGEN_TEC_LINEAGE.row_key</expression>
      </expression>
    </field>
    <field id="_RohB-ICYEemlY6iTndw9vg" enable="true" insert="true" name="STEP_START" ref="../01.metadata/TrdtBvTec.md#_Roel3YCYEemlY6iTndw9vg?fileId=_RocwgICYEemlY6iTndw9vg$type=md$name=STEP_START?" update="true">
      <expression id="_RohB-YCYEemlY6iTndw9vg" location="WRK" setDescriptorRef="_RohCCICYEemlY6iTndw9vg">
        <expression>TO_TIMESTAMP(TFGEN_TEC_LINEAGE.f1/stepStartTS , 'yyyymmddhh24missff3')</expression>
      </expression>
    </field>
    <field id="_RohB-oCYEemlY6iTndw9vg" enable="true" insert="true" name="STEP" ref="../01.metadata/TrdtBvTec.md#_Roel1YCYEemlY6iTndw9vg?fileId=_RocwgICYEemlY6iTndw9vg$type=md$name=STEP?" update="true">
      <expression id="_RohB-4CYEemlY6iTndw9vg" setDescriptorRef="_RohCCICYEemlY6iTndw9vg">
        <expression>TFGEN_TEC_LINEAGE.f1/step</expression>
      </expression>
    </field>
    <field id="_RohB_ICYEemlY6iTndw9vg" enable="true" insert="true" name="FILENAME" ref="../01.metadata/TrdtBvTec.md#_RoeltYCYEemlY6iTndw9vg?fileId=_RocwgICYEemlY6iTndw9vg$type=md$name=FILENAME?" update="true">
      <expression id="_RohB_YCYEemlY6iTndw9vg" setDescriptorRef="_RohCCICYEemlY6iTndw9vg">
        <expression>TFGEN_TEC_LINEAGE.f1/filename</expression>
      </expression>
    </field>
    <field id="_RohB_oCYEemlY6iTndw9vg" enable="true" insert="true" name="LINEAGE_KEY" ref="../01.metadata/TrdtBvTec.md#_RoelxYCYEemlY6iTndw9vg?fileId=_RocwgICYEemlY6iTndw9vg$type=md$name=LINEAGE_KEY?" update="true">
      <expression id="_RohB_4CYEemlY6iTndw9vg" setDescriptorRef="_RohCCICYEemlY6iTndw9vg">
        <expression>TFGEN_TEC_LINEAGE.f1/lineageKey</expression>
      </expression>
    </field>
    <field id="_RohCAICYEemlY6iTndw9vg" enable="true" insert="true" name="STEP_END" ref="../01.metadata/TrdtBvTec.md#_Roel5YCYEemlY6iTndw9vg?fileId=_RocwgICYEemlY6iTndw9vg$type=md$name=STEP_END?" update="true">
      <expression id="_RohCAYCYEemlY6iTndw9vg" location="WRK" setDescriptorRef="_RohCCICYEemlY6iTndw9vg">
        <expression>TO_TIMESTAMP(TFGEN_TEC_LINEAGE.f1/stepEndTS , 'yyyymmddhh24missff3')</expression>
      </expression>
    </field>
    <field id="_RohCAoCYEemlY6iTndw9vg" enable="true" insert="true" name="STEP_MESSAGE" ref="../01.metadata/TrdtBvTec.md#_RofMxYCYEemlY6iTndw9vg?fileId=_RocwgICYEemlY6iTndw9vg$type=md$name=STEP_MESSAGE?" update="true">
      <expression id="_RohCA4CYEemlY6iTndw9vg" setDescriptorRef="_RohCCICYEemlY6iTndw9vg">
        <expression>TFGEN_TEC_LINEAGE.f1/stepMessage</expression>
      </expression>
    </field>
    <field id="_RohCBICYEemlY6iTndw9vg" enable="true" insert="true" name="STEP_STATUS" ref="../01.metadata/TrdtBvTec.md#_Roel7YCYEemlY6iTndw9vg?fileId=_RocwgICYEemlY6iTndw9vg$type=md$name=STEP_STATUS?" update="true">
      <expression id="_RohCBYCYEemlY6iTndw9vg" setDescriptorRef="_RohCCICYEemlY6iTndw9vg">
        <expression>TFGEN_TEC_LINEAGE.f1/stepStatus</expression>
      </expression>
    </field>
    <field id="_RohCBoCYEemlY6iTndw9vg" enable="true" insert="true" name="PILAR" ref="../01.metadata/TrdtBvTec.md#_RofM1YCYEemlY6iTndw9vg?fileId=_RocwgICYEemlY6iTndw9vg$type=md$name=PILAR?" update="true">
      <expression id="_RohCB4CYEemlY6iTndw9vg" setDescriptorRef="_RohCCICYEemlY6iTndw9vg">
        <expression>TFGEN_TEC_LINEAGE.f1/pillar</expression>
      </expression>
    </field>
    <setDescriptor id="_RohCCICYEemlY6iTndw9vg" label="A"/>
  </datastore>
  <datastore id="_RohpAICYEemlY6iTndw9vg" alias="TFGEN_TEC_LINEAGE" dataset="_RohpIYCYEemlY6iTndw9vg" ref="../01.metadata/hbaseDdp1BdTec.md#_Rofz0YCYEemlY6iTndw9vg?fileId=_RofM3YCYEemlY6iTndw9vg$type=md$name=TFGEN_TEC_LINEAGE?">
    <field id="_RohpDYCYEemlY6iTndw9vg" expand="true" name="row_key" ref="../01.metadata/hbaseDdp1BdTec.md#_Rofz04CYEemlY6iTndw9vg?fileId=_RofM3YCYEemlY6iTndw9vg$type=md$name=row_key?"/>
  </datastore>
  <template id="_otyr0JKpEemo9c13XqHPiQ" name="I_TKGEN_HBASE_LINEAGE" targetId="_Roga74CYEemlY6iTndw9vg"/>
  <dataSet id="_RohpIICYEemlY6iTndw9vg">
    <container>_Roga74CYEemlY6iTndw9vg</container>
  </dataSet>
  <dataSet id="_RohpIYCYEemlY6iTndw9vg">
    <container>_RohpAICYEemlY6iTndw9vg</container>
  </dataSet>
</map:map>